[2m11:13:56[22m [31m[1m[vite][22m[39m [31mInternal server error: Failed to resolve import "../afsim/enums" from "src/modules/equipment/components/CategoryTree.tsx". Does the file exist?[39m
  Plugin: [35mvite:import-analysis[39m
  File: [36mE:/AFsim/afsimweb-master/afsim-web/src/modules/equipment/components/CategoryTree.tsx[39m:14:45
[33m  24 |  } from "@ant-design/icons";
  25 |  import { useEquipmentStore } from "../store/equipmentStore";
  26 |  import { DOMAIN_LABELS, DOMAIN_VALUES } from "../afsim/enums";
     |                                                ^
  27 |  import { PLATFORM_TYPE_LABELS, PLATFORM_TYPE_VALUES } from "../afsim/enums";
  28 |  const { Text } = Typography;[39m
      at TransformPluginContext._formatLog (file:///E:/AFsim/afsimweb-master/afsim-web/node_modules/vite/dist/node/chunks/dep-Dq2t6Dq0.js:42553:41)
      at TransformPluginContext.error (file:///E:/AFsim/afsimweb-master/afsim-web/node_modules/vite/dist/node/chunks/dep-Dq2t6Dq0.js:42550:16)
      at normalizeUrl (file:///E:/AFsim/afsimweb-master/afsim-web/node_modules/vite/dist/node/chunks/dep-Dq2t6Dq0.js:40529:23)
      at process.processTicksAndRejections (node:internal/process/task_queues:104:5)
      at async file:///E:/AFsim/afsimweb-master/afsim-web/node_modules/vite/dist/node/chunks/dep-Dq2t6Dq0.js:40648:37
      at async Promise.all (index 7)
      at async TransformPluginContext.transform (file:///E:/AFsim/afsimweb-master/afsim-web/node_modules/vite/dist/node/chunks/dep-Dq2t6Dq0.js:40575:7)
      at async EnvironmentPluginContainer.transform (file:///E:/AFsim/afsimweb-master/afsim-web/node_modules/vite/dist/node/chunks/dep-Dq2t6Dq0.js:42348:18)
      at async loadAndTransform (file:///E:/AFsim/afsimweb-master/afsim-web/node_modules/vite/dist/node/chunks/dep-Dq2t6Dq0.js:35740:27)
[2m11:13:56[22m [31m[1m[vite][22m[39m [31m[2m(client)[22m[39m Pre-transform error: Failed to resolve import "../afsim/enums" from "src/modules/equipment/components/EquipmentList.tsx". Does the file exist?
  Plugin: [35mvite:import-analysis[39m
  File: [36mE:/AFsim/afsimweb-master/afsim-web/src/modules/equipment/components/EquipmentList.tsx[39m:30:30
[33m  38 |  } from "@ant-design/icons";
  39 |  import { useEquipmentStore } from "../store/equipmentStore";
  40 |  import { DOMAIN_LABELS } from "../afsim/enums";
     |                                 ^
  41 |  import { ImportDialog } from "./ImportDialog";
  42 |  const CURRENT_USER = "当前用户";[39m
[2m11:13:56[22m [31m[1m[vite][22m[39m [31mInternal server error: Failed to resolve import "../afsim/enums" from "src/modules/equipment/components/EquipmentDetail.tsx". Does the file exist?[39m
  Plugin: [35mvite:import-analysis[39m
  File: [36mE:/AFsim/afsimweb-master/afsim-web/src/modules/equipment/components/EquipmentDetail.tsx[39m:38:30
[33m  46 |  import { EquipmentVersionHistory } from "./EquipmentVersionHistory";
  47 |  import { useEquipmentStore } from "../store/equipmentStore";
  48 |  import { DOMAIN_LABELS } from "../afsim/enums";
     |                                 ^
  49 |  import { getFieldLabel } from "../afsim/fieldLabels";
  50 |  import { translateValue } from "../afsim/units";[39m
      at TransformPluginContext._formatLog (file:///E:/AFsim/afsimweb-master/afsim-web/node_modules/vite/dist/node/chunks/dep-Dq2t6Dq0.js:42553:41)
      at TransformPluginContext.error (file:///E:/AFsim/afsimweb-master/afsim-web/node_modules/vite/dist/node/chunks/dep-Dq2t6Dq0.js:42550:16)
      at normalizeUrl (file:///E:/AFsim/afsimweb-master/afsim-web/node_modules/vite/dist/node/chunks/dep-Dq2t6Dq0.js:40529:23)
      at process.processTicksAndRejections (node:internal/process/task_queues:104:5)
      at async file:///E:/AFsim/afsimweb-master/afsim-web/node_modules/vite/dist/node/chunks/dep-Dq2t6Dq0.js:40648:37
      at async Promise.all (index 8)
      at async TransformPluginContext.transform (file:///E:/AFsim/afsimweb-master/afsim-web/node_modules/vite/dist/node/chunks/dep-Dq2t6Dq0.js:40575:7)
      at async EnvironmentPluginContainer.transform (file:///E:/AFsim/afsimweb-master/afsim-web/node_modules/vite/dist/node/chunks/dep-Dq2t6Dq0.js:42348:18)
      at async loadAndTransform (file:///E:/AFsim/afsimweb-master/afsim-web/node_modules/vite/dist/node/chunks/dep-Dq2t6Dq0.js:35740:27)
[2m11:13:57[22m [31m[1m[vite][22m[39m [31m[2m(client)[22m[39m Pre-transform error: Failed to resolve import "../afsim/enums" from "src/modules/equipment/components/EquipmentDetail.tsx". Does the file exist?
  Plugin: [35mvite:import-analysis[39m
  File: [36mE:/AFsim/afsimweb-master/afsim-web/src/modules/equipment/components/EquipmentDetail.tsx[39m:38:30
[33m  46 |  import { EquipmentVersionHistory } from "./EquipmentVersionHistory";
  47 |  import { useEquipmentStore } from "../store/equipmentStore";
  48 |  import { DOMAIN_LABELS } from "../afsim/enums";
     |                                 ^
  49 |  import { getFieldLabel } from "../afsim/fieldLabels";
  50 |  import { translateValue } from "../afsim/units";[39m
[2m11:13:57[22m [31m[1m[vite][22m[39m [31mInternal server error: Failed to resolve import "../afsim/enums" from "src/modules/equipment/components/EquipmentList.tsx". Does the file exist?[39m
  Plugin: [35mvite:import-analysis[39m
  File: [36mE:/AFsim/afsimweb-master/afsim-web/src/modules/equipment/components/EquipmentList.tsx[39m:30:30
[33m  38 |  } from "@ant-design/icons";
  39 |  import { useEquipmentStore } from "../store/equipmentStore";
  40 |  import { DOMAIN_LABELS } from "../afsim/enums";
     |                                 ^
  41 |  import { ImportDialog } from "./ImportDialog";
  42 |  const CURRENT_USER = "当前用户";[39m
      at TransformPluginContext._formatLog (file:///E:/AFsim/afsimweb-master/afsim-web/node_modules/vite/dist/node/chunks/dep-Dq2t6Dq0.js:42553:41)
      at TransformPluginContext.error (file:///E:/AFsim/afsimweb-master/afsim-web/node_modules/vite/dist/node/chunks/dep-Dq2t6Dq0.js:42550:16)
      at normalizeUrl (file:///E:/AFsim/afsimweb-master/afsim-web/node_modules/vite/dist/node/chunks/dep-Dq2t6Dq0.js:40529:23)
      at process.processTicksAndRejections (node:internal/process/task_queues:104:5)
      at async file:///E:/AFsim/afsimweb-master/afsim-web/node_modules/vite/dist/node/chunks/dep-Dq2t6Dq0.js:40648:37
      at async Promise.all (index 7)
      at async TransformPluginContext.transform (file:///E:/AFsim/afsimweb-master/afsim-web/node_modules/vite/dist/node/chunks/dep-Dq2t6Dq0.js:40575:7)
      at async EnvironmentPluginContainer.transform (file:///E:/AFsim/afsimweb-master/afsim-web/node_modules/vite/dist/node/chunks/dep-Dq2t6Dq0.js:42348:18)
      at async loadAndTransform (file:///E:/AFsim/afsimweb-master/afsim-web/node_modules/vite/dist/node/chunks/dep-Dq2t6Dq0.js:35740:27)
      at async viteTransformMiddleware (file:///E:/AFsim/afsimweb-master/afsim-web/node_modules/vite/dist/node/chunks/dep-Dq2t6Dq0.js:37264:24)
[2m11:34:11[22m [31m[1m[vite][22m[39m [31mInternal server error: Failed to resolve import "../afsim/enums" from "src/modules/equipment/components/CategoryTree.tsx". Does the file exist?[39m
  Plugin: [35mvite:import-analysis[39m
  File: [36mE:/AFsim/afsimweb-master/afsim-web/src/modules/equipment/components/CategoryTree.tsx[39m:14:45
[33m  24 |  } from "@ant-design/icons";
  25 |  import { useEquipmentStore } from "../store/equipmentStore";
  26 |  import { DOMAIN_LABELS, DOMAIN_VALUES } from "../afsim/enums";
     |                                                ^
  27 |  import { PLATFORM_TYPE_LABELS, PLATFORM_TYPE_VALUES } from "../afsim/enums";
  28 |  const { Text } = Typography;[39m
      at TransformPluginContext._formatLog (file:///E:/AFsim/afsimweb-master/afsim-web/node_modules/vite/dist/node/chunks/dep-Dq2t6Dq0.js:42553:41)
      at TransformPluginContext.error (file:///E:/AFsim/afsimweb-master/afsim-web/node_modules/vite/dist/node/chunks/dep-Dq2t6Dq0.js:42550:16)
      at normalizeUrl (file:///E:/AFsim/afsimweb-master/afsim-web/node_modules/vite/dist/node/chunks/dep-Dq2t6Dq0.js:40529:23)
      at process.processTicksAndRejections (node:internal/process/task_queues:104:5)
      at async file:///E:/AFsim/afsimweb-master/afsim-web/node_modules/vite/dist/node/chunks/dep-Dq2t6Dq0.js:40648:37
      at async Promise.all (index 7)
      at async TransformPluginContext.transform (file:///E:/AFsim/afsimweb-master/afsim-web/node_modules/vite/dist/node/chunks/dep-Dq2t6Dq0.js:40575:7)
      at async EnvironmentPluginContainer.transform (file:///E:/AFsim/afsimweb-master/afsim-web/node_modules/vite/dist/node/chunks/dep-Dq2t6Dq0.js:42348:18)
      at async loadAndTransform (file:///E:/AFsim/afsimweb-master/afsim-web/node_modules/vite/dist/node/chunks/dep-Dq2t6Dq0.js:35740:27)
      at async viteTransformMiddleware (file:///E:/AFsim/afsimweb-master/afsim-web/node_modules/vite/dist/node/chunks/dep-Dq2t6Dq0.js:37264:24)
[2m11:34:11[22m [31m[1m[vite][22m[39m [31mInternal server error: Failed to resolve import "../afsim/enums" from "src/modules/equipment/components/EquipmentList.tsx". Does the file exist?[39m
  Plugin: [35mvite:import-analysis[39m
  File: [36mE:/AFsim/afsimweb-master/afsim-web/src/modules/equipment/components/EquipmentList.tsx[39m:30:30
[33m  38 |  } from "@ant-design/icons";
  39 |  import { useEquipmentStore } from "../store/equipmentStore";
  40 |  import { DOMAIN_LABELS } from "../afsim/enums";
     |                                 ^
  41 |  import { ImportDialog } from "./ImportDialog";
  42 |  const CURRENT_USER = "当前用户";[39m
      at TransformPluginContext._formatLog (file:///E:/AFsim/afsimweb-master/afsim-web/node_modules/vite/dist/node/chunks/dep-Dq2t6Dq0.js:42553:41)
      at TransformPluginContext.error (file:///E:/AFsim/afsimweb-master/afsim-web/node_modules/vite/dist/node/chunks/dep-Dq2t6Dq0.js:42550:16)
      at normalizeUrl (file:///E:/AFsim/afsimweb-master/afsim-web/node_modules/vite/dist/node/chunks/dep-Dq2t6Dq0.js:40529:23)
      at process.processTicksAndRejections (node:internal/process/task_queues:104:5)
      at async file:///E:/AFsim/afsimweb-master/afsim-web/node_modules/vite/dist/node/chunks/dep-Dq2t6Dq0.js:40648:37
      at async Promise.all (index 7)
      at async TransformPluginContext.transform (file:///E:/AFsim/afsimweb-master/afsim-web/node_modules/vite/dist/node/chunks/dep-Dq2t6Dq0.js:40575:7)
      at async EnvironmentPluginContainer.transform (file:///E:/AFsim/afsimweb-master/afsim-web/node_modules/vite/dist/node/chunks/dep-Dq2t6Dq0.js:42348:18)
      at async loadAndTransform (file:///E:/AFsim/afsimweb-master/afsim-web/node_modules/vite/dist/node/chunks/dep-Dq2t6Dq0.js:35740:27)
[2m11:34:11[22m [31m[1m[vite][22m[39m [31m[2m(client)[22m[39m Pre-transform error: Failed to resolve import "../afsim/enums" from "src/modules/equipment/components/EquipmentList.tsx". Does the file exist?
  Plugin: [35mvite:import-analysis[39m
  File: [36mE:/AFsim/afsimweb-master/afsim-web/src/modules/equipment/components/EquipmentList.tsx[39m:30:30
[33m  38 |  } from "@ant-design/icons";
  39 |  import { useEquipmentStore } from "../store/equipmentStore";
  40 |  import { DOMAIN_LABELS } from "../afsim/enums";
     |                                 ^
  41 |  import { ImportDialog } from "./ImportDialog";
  42 |  const CURRENT_USER = "当前用户";[39m
[2m11:34:11[22m [31m[1m[vite][22m[39m [31mInternal server error: Failed to resolve import "../afsim/enums" from "src/modules/equipment/components/EquipmentDetail.tsx". Does the file exist?[39m
  Plugin: [35mvite:import-analysis[39m
  File: [36mE:/AFsim/afsimweb-master/afsim-web/src/modules/equipment/components/EquipmentDetail.tsx[39m:38:30
[33m  46 |  import { EquipmentVersionHistory } from "./EquipmentVersionHistory";
  47 |  import { useEquipmentStore } from "../store/equipmentStore";
  48 |  import { DOMAIN_LABELS } from "../afsim/enums";
     |                                 ^
  49 |  import { getFieldLabel } from "../afsim/fieldLabels";
  50 |  import { translateValue } from "../afsim/units";[39m
      at TransformPluginContext._formatLog (file:///E:/AFsim/afsimweb-master/afsim-web/node_modules/vite/dist/node/chunks/dep-Dq2t6Dq0.js:42553:41)
      at TransformPluginContext.error (file:///E:/AFsim/afsimweb-master/afsim-web/node_modules/vite/dist/node/chunks/dep-Dq2t6Dq0.js:42550:16)
      at normalizeUrl (file:///E:/AFsim/afsimweb-master/afsim-web/node_modules/vite/dist/node/chunks/dep-Dq2t6Dq0.js:40529:23)
      at process.processTicksAndRejections (node:internal/process/task_queues:104:5)
      at async file:///E:/AFsim/afsimweb-master/afsim-web/node_modules/vite/dist/node/chunks/dep-Dq2t6Dq0.js:40648:37
      at async Promise.all (index 8)
      at async TransformPluginContext.transform (file:///E:/AFsim/afsimweb-master/afsim-web/node_modules/vite/dist/node/chunks/dep-Dq2t6Dq0.js:40575:7)
      at async EnvironmentPluginContainer.transform (file:///E:/AFsim/afsimweb-master/afsim-web/node_modules/vite/dist/node/chunks/dep-Dq2t6Dq0.js:42348:18)
      at async loadAndTransform (file:///E:/AFsim/afsimweb-master/afsim-web/node_modules/vite/dist/node/chunks/dep-Dq2t6Dq0.js:35740:27)
[2m11:34:11[22m [31m[1m[vite][22m[39m [31m[2m(client)[22m[39m Pre-transform error: Failed to resolve import "../afsim/enums" from "src/modules/equipment/components/EquipmentDetail.tsx". Does the file exist?
  Plugin: [35mvite:import-analysis[39m
  File: [36mE:/AFsim/afsimweb-master/afsim-web/src/modules/equipment/components/EquipmentDetail.tsx[39m:38:30
[33m  46 |  import { EquipmentVersionHistory } from "./EquipmentVersionHistory";
  47 |  import { useEquipmentStore } from "../store/equipmentStore";
  48 |  import { DOMAIN_LABELS } from "../afsim/enums";
     |                                 ^
  49 |  import { getFieldLabel } from "../afsim/fieldLabels";
  50 |  import { translateValue } from "../afsim/units";[39m
[2m14:16:17[22m [31m[1m[vite][22m[39m [31mInternal server error: Failed to resolve import "../afsim/enums" from "src/modules/equipment/components/EquipmentList.tsx". Does the file exist?[39m
  Plugin: [35mvite:import-analysis[39m
  File: [36mE:/AFsim/afsimweb-master/afsim-web/src/modules/equipment/components/EquipmentList.tsx[39m:30:30
[33m  38 |  } from "@ant-design/icons";
  39 |  import { useEquipmentStore } from "../store/equipmentStore";
  40 |  import { DOMAIN_LABELS } from "../afsim/enums";
     |                                 ^
  41 |  import { ImportDialog } from "./ImportDialog";
  42 |  const CURRENT_USER = "当前用户";[39m
      at TransformPluginContext._formatLog (file:///E:/AFsim/afsimweb-master/afsim-web/node_modules/vite/dist/node/chunks/dep-Dq2t6Dq0.js:42553:41)
      at TransformPluginContext.error (file:///E:/AFsim/afsimweb-master/afsim-web/node_modules/vite/dist/node/chunks/dep-Dq2t6Dq0.js:42550:16)
      at normalizeUrl (file:///E:/AFsim/afsimweb-master/afsim-web/node_modules/vite/dist/node/chunks/dep-Dq2t6Dq0.js:40529:23)
      at process.processTicksAndRejections (node:internal/process/task_queues:104:5)
      at async file:///E:/AFsim/afsimweb-master/afsim-web/node_modules/vite/dist/node/chunks/dep-Dq2t6Dq0.js:40648:37
      at async Promise.all (index 7)
      at async TransformPluginContext.transform (file:///E:/AFsim/afsimweb-master/afsim-web/node_modules/vite/dist/node/chunks/dep-Dq2t6Dq0.js:40575:7)
      at async EnvironmentPluginContainer.transform (file:///E:/AFsim/afsimweb-master/afsim-web/node_modules/vite/dist/node/chunks/dep-Dq2t6Dq0.js:42348:18)
      at async loadAndTransform (file:///E:/AFsim/afsimweb-master/afsim-web/node_modules/vite/dist/node/chunks/dep-Dq2t6Dq0.js:35740:27)
[2m14:16:17[22m [31m[1m[vite][22m[39m [31m[2m(client)[22m[39m Pre-transform error: Failed to resolve import "../afsim/enums" from "src/modules/equipment/components/EquipmentList.tsx". Does the file exist?
  Plugin: [35mvite:import-analysis[39m
  File: [36mE:/AFsim/afsimweb-master/afsim-web/src/modules/equipment/components/EquipmentList.tsx[39m:30:30
[33m  38 |  } from "@ant-design/icons";
  39 |  import { useEquipmentStore } from "../store/equipmentStore";
  40 |  import { DOMAIN_LABELS } from "../afsim/enums";
     |                                 ^
  41 |  import { ImportDialog } from "./ImportDialog";
  42 |  const CURRENT_USER = "当前用户";[39m
[2m14:16:17[22m [31m[1m[vite][22m[39m [31mInternal server error: Failed to resolve import "../afsim/enums" from "src/modules/equipment/components/CategoryTree.tsx". Does the file exist?[39m
  Plugin: [35mvite:import-analysis[39m
  File: [36mE:/AFsim/afsimweb-master/afsim-web/src/modules/equipment/components/CategoryTree.tsx[39m:14:45
[33m  24 |  } from "@ant-design/icons";
  25 |  import { useEquipmentStore } from "../store/equipmentStore";
  26 |  import { DOMAIN_LABELS, DOMAIN_VALUES } from "../afsim/enums";
     |                                                ^
  27 |  import { PLATFORM_TYPE_LABELS, PLATFORM_TYPE_VALUES } from "../afsim/enums";
  28 |  const { Text } = Typography;[39m
      at TransformPluginContext._formatLog (file:///E:/AFsim/afsimweb-master/afsim-web/node_modules/vite/dist/node/chunks/dep-Dq2t6Dq0.js:42553:41)
      at TransformPluginContext.error (file:///E:/AFsim/afsimweb-master/afsim-web/node_modules/vite/dist/node/chunks/dep-Dq2t6Dq0.js:42550:16)
      at normalizeUrl (file:///E:/AFsim/afsimweb-master/afsim-web/node_modules/vite/dist/node/chunks/dep-Dq2t6Dq0.js:40529:23)
      at process.processTicksAndRejections (node:internal/process/task_queues:104:5)
      at async file:///E:/AFsim/afsimweb-master/afsim-web/node_modules/vite/dist/node/chunks/dep-Dq2t6Dq0.js:40648:37
      at async Promise.all (index 7)
      at async TransformPluginContext.transform (file:///E:/AFsim/afsimweb-master/afsim-web/node_modules/vite/dist/node/chunks/dep-Dq2t6Dq0.js:40575:7)
      at async EnvironmentPluginContainer.transform (file:///E:/AFsim/afsimweb-master/afsim-web/node_modules/vite/dist/node/chunks/dep-Dq2t6Dq0.js:42348:18)
      at async loadAndTransform (file:///E:/AFsim/afsimweb-master/afsim-web/node_modules/vite/dist/node/chunks/dep-Dq2t6Dq0.js:35740:27)
      at async viteTransformMiddleware (file:///E:/AFsim/afsimweb-master/afsim-web/node_modules/vite/dist/node/chunks/dep-Dq2t6Dq0.js:37264:24)
[2m14:16:18[22m [31m[1m[vite][22m[39m [31mInternal server error: Failed to resolve import "../afsim/enums" from "src/modules/equipment/components/EquipmentDetail.tsx". Does the file exist?[39m
  Plugin: [35mvite:import-analysis[39m
  File: [36mE:/AFsim/afsimweb-master/afsim-web/src/modules/equipment/components/EquipmentDetail.tsx[39m:38:30
[33m  46 |  import { EquipmentVersionHistory } from "./EquipmentVersionHistory";
  47 |  import { useEquipmentStore } from "../store/equipmentStore";
  48 |  import { DOMAIN_LABELS } from "../afsim/enums";
     |                                 ^
  49 |  import { getFieldLabel } from "../afsim/fieldLabels";
  50 |  import { translateValue } from "../afsim/units";[39m
      at TransformPluginContext._formatLog (file:///E:/AFsim/afsimweb-master/afsim-web/node_modules/vite/dist/node/chunks/dep-Dq2t6Dq0.js:42553:41)
      at TransformPluginContext.error (file:///E:/AFsim/afsimweb-master/afsim-web/node_modules/vite/dist/node/chunks/dep-Dq2t6Dq0.js:42550:16)
      at normalizeUrl (file:///E:/AFsim/afsimweb-master/afsim-web/node_modules/vite/dist/node/chunks/dep-Dq2t6Dq0.js:40529:23)
      at process.processTicksAndRejections (node:internal/process/task_queues:104:5)
      at async file:///E:/AFsim/afsimweb-master/afsim-web/node_modules/vite/dist/node/chunks/dep-Dq2t6Dq0.js:40648:37
      at async Promise.all (index 8)
      at async TransformPluginContext.transform (file:///E:/AFsim/afsimweb-master/afsim-web/node_modules/vite/dist/node/chunks/dep-Dq2t6Dq0.js:40575:7)
      at async EnvironmentPluginContainer.transform (file:///E:/AFsim/afsimweb-master/afsim-web/node_modules/vite/dist/node/chunks/dep-Dq2t6Dq0.js:42348:18)
      at async loadAndTransform (file:///E:/AFsim/afsimweb-master/afsim-web/node_modules/vite/dist/node/chunks/dep-Dq2t6Dq0.js:35740:27)
[2m14:16:18[22m [31m[1m[vite][22m[39m [31m[2m(client)[22m[39m Pre-transform error: Failed to resolve import "../afsim/enums" from "src/modules/equipment/components/EquipmentDetail.tsx". Does the file exist?
  Plugin: [35mvite:import-analysis[39m
  File: [36mE:/AFsim/afsimweb-master/afsim-web/src/modules/equipment/components/EquipmentDetail.tsx[39m:38:30
[33m  46 |  import { EquipmentVersionHistory } from "./EquipmentVersionHistory";
  47 |  import { useEquipmentStore } from "../store/equipmentStore";
  48 |  import { DOMAIN_LABELS } from "../afsim/enums";
     |                                 ^
  49 |  import { getFieldLabel } from "../afsim/fieldLabels";
  50 |  import { translateValue } from "../afsim/units";[39m
[2m14:22:51[22m [31m[1m[vite][22m[39m [31mInternal server error: Failed to resolve import "../afsim/fieldLabels" from "src/modules/equipment/components/EquipmentDetail.tsx". Does the file exist?[39m
  Plugin: [35mvite:import-analysis[39m
  File: [36mE:/AFsim/afsimweb-master/afsim-web/src/modules/equipment/components/EquipmentDetail.tsx[39m:39:30
[33m  47 |  import { useEquipmentStore } from "../store/equipmentStore";
  48 |  import { DOMAIN_LABELS } from "../afsim/enums";
  49 |  import { getFieldLabel } from "../afsim/fieldLabels";
     |                                 ^
  50 |  import { translateValue } from "../afsim/units";
  51 |  const { Title, Text, Paragraph } = Typography;[39m
      at TransformPluginContext._formatLog (file:///E:/AFsim/afsimweb-master/afsim-web/node_modules/vite/dist/node/chunks/dep-Dq2t6Dq0.js:42553:41)
      at TransformPluginContext.error (file:///E:/AFsim/afsimweb-master/afsim-web/node_modules/vite/dist/node/chunks/dep-Dq2t6Dq0.js:42550:16)
      at normalizeUrl (file:///E:/AFsim/afsimweb-master/afsim-web/node_modules/vite/dist/node/chunks/dep-Dq2t6Dq0.js:40529:23)
      at process.processTicksAndRejections (node:internal/process/task_queues:104:5)
      at async file:///E:/AFsim/afsimweb-master/afsim-web/node_modules/vite/dist/node/chunks/dep-Dq2t6Dq0.js:40648:37
      at async Promise.all (index 9)
      at async TransformPluginContext.transform (file:///E:/AFsim/afsimweb-master/afsim-web/node_modules/vite/dist/node/chunks/dep-Dq2t6Dq0.js:40575:7)
      at async EnvironmentPluginContainer.transform (file:///E:/AFsim/afsimweb-master/afsim-web/node_modules/vite/dist/node/chunks/dep-Dq2t6Dq0.js:42348:18)
      at async loadAndTransform (file:///E:/AFsim/afsimweb-master/afsim-web/node_modules/vite/dist/node/chunks/dep-Dq2t6Dq0.js:35740:27)
[2m14:22:51[22m [31m[1m[vite][22m[39m [31m[2m(client)[22m[39m Pre-transform error: Failed to resolve import "../afsim/fieldLabels" from "src/modules/equipment/components/EquipmentDetail.tsx". Does the file exist?
  Plugin: [35mvite:import-analysis[39m
  File: [36mE:/AFsim/afsimweb-master/afsim-web/src/modules/equipment/components/EquipmentDetail.tsx[39m:39:30
[33m  47 |  import { useEquipmentStore } from "../store/equipmentStore";
  48 |  import { DOMAIN_LABELS } from "../afsim/enums";
  49 |  import { getFieldLabel } from "../afsim/fieldLabels";
     |                                 ^
  50 |  import { translateValue } from "../afsim/units";
  51 |  const { Title, Text, Paragraph } = Typography;[39m
[2m14:23:16[22m [31m[1m[vite][22m[39m [31mInternal server error: Failed to resolve import "../afsim/units" from "src/modules/equipment/components/EquipmentDetail.tsx". Does the file exist?[39m
  Plugin: [35mvite:import-analysis[39m
  File: [36mE:/AFsim/afsimweb-master/afsim-web/src/modules/equipment/components/EquipmentDetail.tsx[39m:40:31
[33m  48 |  import { DOMAIN_LABELS } from "../afsim/enums";
  49 |  import { getFieldLabel } from "../afsim/fieldLabels";
  50 |  import { translateValue } from "../afsim/units";
     |                                  ^
  51 |  const { Title, Text, Paragraph } = Typography;
  52 |  const SKIP_KEYS = /* @__PURE__ */ new Set(["type", "name", "on", "operational", "debug", "restorable", "critical", "categories"]);[39m
      at TransformPluginContext._formatLog (file:///E:/AFsim/afsimweb-master/afsim-web/node_modules/vite/dist/node/chunks/dep-Dq2t6Dq0.js:42553:41)
      at TransformPluginContext.error (file:///E:/AFsim/afsimweb-master/afsim-web/node_modules/vite/dist/node/chunks/dep-Dq2t6Dq0.js:42550:16)
      at normalizeUrl (file:///E:/AFsim/afsimweb-master/afsim-web/node_modules/vite/dist/node/chunks/dep-Dq2t6Dq0.js:40529:23)
      at process.processTicksAndRejections (node:internal/process/task_queues:104:5)
      at async file:///E:/AFsim/afsimweb-master/afsim-web/node_modules/vite/dist/node/chunks/dep-Dq2t6Dq0.js:40648:37
      at async Promise.all (index 10)
      at async TransformPluginContext.transform (file:///E:/AFsim/afsimweb-master/afsim-web/node_modules/vite/dist/node/chunks/dep-Dq2t6Dq0.js:40575:7)
      at async EnvironmentPluginContainer.transform (file:///E:/AFsim/afsimweb-master/afsim-web/node_modules/vite/dist/node/chunks/dep-Dq2t6Dq0.js:42348:18)
      at async loadAndTransform (file:///E:/AFsim/afsimweb-master/afsim-web/node_modules/vite/dist/node/chunks/dep-Dq2t6Dq0.js:35740:27)
[2m14:23:16[22m [31m[1m[vite][22m[39m [31m[2m(client)[22m[39m Pre-transform error: Failed to resolve import "../afsim/units" from "src/modules/equipment/components/EquipmentDetail.tsx". Does the file exist?
  Plugin: [35mvite:import-analysis[39m
  File: [36mE:/AFsim/afsimweb-master/afsim-web/src/modules/equipment/components/EquipmentDetail.tsx[39m:40:31
[33m  48 |  import { DOMAIN_LABELS } from "../afsim/enums";
  49 |  import { getFieldLabel } from "../afsim/fieldLabels";
  50 |  import { translateValue } from "../afsim/units";
     |                                  ^
  51 |  const { Title, Text, Paragraph } = Typography;
  52 |  const SKIP_KEYS = /* @__PURE__ */ new Set(["type", "name", "on", "operational", "debug", "restorable", "critical", "categories"]);[39m
